
> build
> vite build

[36mvite v7.3.2 [32mbuilding client environment for production...[36m[39m
transforming...
node.exe : [33m[plugin vite:resolve] Module "node:async_hooks" has been externalized for browser compatibility, imported by 
"C:/Users/Joshua/Documents/My Webs/Web Apps/Kenavid-Couture/node_modules/@tanstack/start-storage-context/dist/esm/async-local-storage.js". See 
https://vite.dev/guide/troubleshooting.html#module-externalized-for-browser-compatibility for more details.[39m
At line:1 char:1
+ & "C:\Program Files\nodejs/node.exe" "C:\Users\Joshua\AppData\Roaming ...
+ ~~~~~~~~~~~~~~~~~~~~~~~~~~~~~~~~~~~~~~~~~~~~~~~~~~~~~~~~~~~~~~~~~~~~~
    + CategoryInfo          : NotSpecified: ([33m[plugin vi...e details.[39m:String) [], RemoteException
    + FullyQualifiedErrorId : NativeCommandError
 
[32mΓ£ô[39m 2298 modules transformed.
[31mΓ£ù[39m Build failed in 11.38s
[31merror during build:
[31mnode_modules/@tanstack/start-storage-context/dist/esm/async-local-storage.js (1:9): "AsyncLocalStorage" is not exported by 
"__vite-browser-external", imported by "node_modules/@tanstack/start-storage-context/dist/esm/async-local-storage.js".[31m
file: [36mC:/Users/Joshua/Documents/My Webs/Web 
Apps/Kenavid-Couture/node_modules/@tanstack/start-storage-context/dist/esm/async-local-storage.js:1:9[31m
[33m
1: import { AsyncLocalStorage } from "node:async_hooks";
            ^
2: //#region src/async-local-storage.ts
3: var GLOBAL_STORAGE_KEY = Symbol.for("tanstack-start:start-storage-context");
[31m
    at getRollupError (file:///C:/Users/Joshua/Documents/My%20Webs/Web%20Apps/Kenavid-Couture/node_modules/rollup/dist/es/shared/parseAst.js:406:41)
    at error (file:///C:/Users/Joshua/Documents/My%20Webs/Web%20Apps/Kenavid-Couture/node_modules/rollup/dist/es/shared/parseAst.js:402:42)
    at Module.error (file:///C:/Users/Joshua/Documents/My%20Webs/Web%20Apps/Kenavid-Couture/node_modules/rollup/dist/es/shared/node-entry.js:17380:16)
    at Module.traceVariable 
(file:///C:/Users/Joshua/Documents/My%20Webs/Web%20Apps/Kenavid-Couture/node_modules/rollup/dist/es/shared/node-entry.js:17813:29)
    at ModuleScope.findVariable 
(file:///C:/Users/Joshua/Documents/My%20Webs/Web%20Apps/Kenavid-Couture/node_modules/rollup/dist/es/shared/node-entry.js:15403:39)
    at TrackingScope.findVariable 
(file:///C:/Users/Joshua/Documents/My%20Webs/Web%20Apps/Kenavid-Couture/node_modules/rollup/dist/es/shared/node-entry.js:5676:38)
    at Identifier.bind (file:///C:/Users/Joshua/Documents/My%20Webs/Web%20Apps/Kenavid-Couture/node_modules/rollup/dist/es/shared/node-entry.js:5450:40)
    at NewExpression.bind 
(file:///C:/Users/Joshua/Documents/My%20Webs/Web%20Apps/Kenavid-Couture/node_modules/rollup/dist/es/shared/node-entry.js:2832:23)
    at AssignmentExpression.bind 
(file:///C:/Users/Joshua/Documents/My%20Webs/Web%20Apps/Kenavid-Couture/node_modules/rollup/dist/es/shared/node-entry.js:2832:23)
    at ExpressionStatement.bind 
(file:///C:/Users/Joshua/Documents/My%20Webs/Web%20Apps/Kenavid-Couture/node_modules/rollup/dist/es/shared/node-entry.js:2832:23)[39m
